# Keymap for factory standard PinePhone keyboard. Modify the actions column to change what they keys do
#    Copyright (C) 2022  Peter Thomason <pthom44@live.com.au>
#
#    This program is free software: you can redistribute it and/or modify
#    it under the terms of the GNU General Public License as published by
#    the Free Software Foundation, either version 3 of the License, or
#    (at your option) any later version.
#
#    This program is distributed in the hope that it will be useful,
#    but WITHOUT ANY WARRANTY; without even the implied warranty of
#    MERCHANTABILITY or FITNESS FOR A PARTICULAR PURPOSE.  See the
#    GNU General Public License for more details.
#
#    You should have received a copy of the GNU General Public License
#    along with this program.  If not, see <https://www.gnu.org/licenses/>.

strings as usual
compose as usual for "iso-8859-1"
include "linux-keys-bare"
keymaps 0-2,4-5,8-9,12

#            plain,    Shift,      AltGr,      Control,            Control+Shift, Alt,         Alt+Shift, Control+Alt
# First Row
keycode 1  = Escape    nul         nul         nul                 nul            Meta_Escape  
keycode 2  = one       exclam      bar         nul                 nul            Meta_one     Meta_bar
keycode 3  = two       at          backslash   Control_backslash   nul            Meta_two     Meta_backslash
keycode 4  = three     numbersign  euro        nul                 nul            Meta_three   
keycode 5  = four      dollar      sterling    nul                 nul            Meta_four    
keycode 6  = five      percent     asciitilde  nul                 nul            Meta_five    Meta_asciitilde
keycode 7  = six       asciicircum grave       Control_asciicircum nul            Meta_six     Meta_grave
keycode 8  = seven     ampersand   minus       nul                 nul            Meta_seven   Meta_minus
keycode 9  = eight     asterisk    equal       nul                 nul            Meta_eight   Meta_equal
keycode 10 = nine      parenleft   underscore  Control_underscore  nul            Meta_nine    
keycode 11 = zero      parenright  plus        nul                 nul            Meta_zero    
keycode 14 = BackSpace

# Second Row
keycode 15 = Tab       nul         nul         nul                 nul            nul          Meta_Tab
keycode 16 = q         Q           nul         Control_q
keycode 17 = w         W           nul         Control_w
keycode 18 = e         E           nul         Control_e
keycode 19 = r         R           nul         Control_r
keycode 20 = t         T           nul         Control_t
keycode 21 = y         Y           nul         Control_y
keycode 22 = u         U           nul         Control_u
keycode 23 = i         I           nul         Control_i
keycode 24 = o         O           nul         Control_o
keycode 25 = p         P           nul         Control_p
keycode 28 = Return

# Third Row
#keycode 125 = LeftMeta
keycode 30 = a         A           nul         Control_a
keycode 31 = s         S           nul         Control_s
keycode 32 = d         D           nul         Control_d
keycode 33 = f         F           nul         Control_f
keycode 34 = g         G           nul         Control_g
keycode 35 = h         H           nul         Control_h
keycode 36 = j         J           nul         Control_j
keycode 37 = k         K           nul         Control_k
keycode 38 = l         L           nul         Control_l
keycode 39 = semicolon colon       nul         nul                 nul            Meta_semicolon

# Fourth Row
keycode 42 = Shift
keycode 44 = z         Z           nul         Control_z
keycode 45 = x         X           nul         Control_x
keycode 46 = c         C           nul         Control_c
keycode 47 = v         V           nul         Control_v
keycode 48 = b         B           nul         Control_b
keycode 49 = n         N           nul         Control_n
keycode 50 = m         M           nul         Control_m
keycode 51 = comma     less        nul         nul                 nul            Meta_comma   Meta_less
keycode 52 = period    greater     nul         nul                 nul            Meta_period  Meta_greater
keycode 53 = slash     question    nul         nul                 nul            Meta_slash

# Fifth Row
keycode 29 = Control
# Fn toggles different layer of keycodes??? (firmware?)
#keycode 464 = Fn
keycode 56 = Alt
keycode 57 = space     nul         nul         nul                 nul            Meta_space
keycode 100 = AltGr
keycode 40 = apostrophe quotedbl   nul         nul                 nul            Meta_apostrophe
keycode 26 = bracketleft braceleft nul         nul                 nul            Meta_bracketleft
keycode 27 = bracketright braceright Control_bracketright nul      nul            Meta_bracketright

########## with Fn key ###############

# First row with Fn key held
#keycode 465 = Fn_Escape
keycode 59 = F1
keycode 60 = F2
keycode 61 = F3
keycode 62 = F4
keycode 63 = F5
keycode 64 = F6
keycode 65 = F7
keycode 66 = F8
keycode 67 = F9
keycode 68 = F10
keycode 111 = Delete nul  nul nul nul Meta_Delete

# Second row with Fn key held down
# nothing to do here for now I guess

# Third row with Fn key held down
#keycode 99 = Prtsc
keycode 110 = Insert

# Fourth row with Fn key held down
keycode 102 = Home
keycode 103 = Up
keycode 107 = End

# Fifth row with Fn key held down
keycode 105 = Left
keycode 106 = Right
keycode 108 = Down
